15:25:48 **** Incremental Build of configuration Debug for project Practica_1-1 ****
make -j12 all 
arm-none-eabi-gcc "../Src/main.c" -mcpu=cortex-m4 -std=gnu11 -g3 -DDEBUG -DSTM32 -DSTM32F429ZITx -DSTM32F4 -DNUCLEO_F429ZI -DUSE_HAL_DRIVER -DSTM32F429xx -c -I../Inc -I"/home/juanma/Documentos/Carrera_de_Especializacion_en_Sistemas_Embebidos/Programacion_de_microcontroladores/PdM_workspace/Practica_1-1/Drivers/STM32F4xx_HAL_Driver/Inc" -I"/home/juanma/Documentos/Carrera_de_Especializacion_en_Sistemas_Embebidos/Programacion_de_microcontroladores/PdM_workspace/Practica_1-1/Drivers/CMSIS/Include" -I"/home/juanma/Documentos/Carrera_de_Especializacion_en_Sistemas_Embebidos/Programacion_de_microcontroladores/PdM_workspace/Practica_1-1/Drivers/CMSIS/Device/ST/STM32F4xx/Include" -I"/home/juanma/Documentos/Carrera_de_Especializacion_en_Sistemas_Embebidos/Programacion_de_microcontroladores/PdM_workspace/Practica_1-1/Drivers/BSP/STM32F4xx_Nucleo_144" -I"/home/juanma/Documentos/Carrera_de_Especializacion_en_Sistemas_Embebidos/Programacion_de_microcontroladores/PdM_workspace/Practica_1-1/Drivers/Core/Inc" -O0 -ffunction-sections -fdata-sections -Wall -fstack-usage -fcyclomatic-complexity -MMD -MP -MF"Src/main.d" -MT"Src/main.o" --specs=nano.specs -mfpu=fpv4-sp-d16 -mfloat-abi=hard -mthumb -o "Src/main.o"
arm-none-eabi-gcc -o "Practica_1-1.elf" @"objects.list"   -mcpu=cortex-m4 -T"/home/juanma/Documentos/Carrera_de_Especializacion_en_Sistemas_Embebidos/Programacion_de_microcontroladores/PdM_workspace/Practica_1-1/STM32F429ZITX_FLASH.ld" --specs=nosys.specs -Wl,-Map="Practica_1-1.map" -Wl,--gc-sections -static --specs=nano.specs -mfpu=fpv4-sp-d16 -mfloat-abi=hard -mthumb -Wl,--start-group -lc -lm -Wl,--end-group
/opt/st/stm32cubeide_1.15.1/plugins/com.st.stm32cube.ide.mcu.externaltools.gnu-tools-for-stm32.12.3.rel1.linux64_1.0.100.202403111256/tools/bin/../lib/gcc/arm-none-eabi/12.3.1/../../../../arm-none-eabi/bin/ld: warning: Practica_1-1.elf has a LOAD segment with RWX permissions
Finished building target: Practica_1-1.elf
 
arm-none-eabi-size  Practica_1-1.elf 
arm-none-eabi-objdump -h -S Practica_1-1.elf  > "Practica_1-1.list"
   text	   data	    bss	    dec	    hex	filename
   6348	     36	   1572	   7956	   1f14	Practica_1-1.elf
Finished building: default.size.stdout
 
Finished building: Practica_1-1.list
 
